kotlin version: 2.2.10
error message: java.lang.OutOfMemoryError: GC overhead limit exceeded
	at org.jetbrains.kotlin.resolve.calls.inference.model.MutableConstraintStorage.<init>(MutableConstraintStorage.kt:302)
	at org.jetbrains.kotlin.resolve.calls.inference.model.NewConstraintSystemImpl.<init>(NewConstraintSystemImpl.kt:38)
	at org.jetbrains.kotlin.fir.resolve.inference.InferenceComponents.createConstraintSystem(InferenceComponents.kt:49)
	at org.jetbrains.kotlin.fir.resolve.inference.InferenceComponents$ConstraintSystemFactory.createConstraintSystem(InferenceComponents.kt:54)
	at org.jetbrains.kotlin.fir.resolve.calls.candidate.Candidate.system_delegate$lambda$1(Candidate.kt:75)
	at org.jetbrains.kotlin.fir.resolve.calls.candidate.Candidate$$Lambda/0x00000001007578e0.invoke(Unknown Source)
	at kotlin.UnsafeLazyImpl.getValue(Lazy.kt:100)
	at org.jetbrains.kotlin.fir.resolve.calls.candidate.Candidate.getSystem(Candidate.kt:74)
	at org.jetbrains.kotlin.fir.resolve.calls.stages.ConstraintSystemForks.check(ResolutionStages.kt:975)
	at org.jetbrains.kotlin.fir.resolve.calls.stages.ResolutionStageRunner$processCandidate$1.invokeSuspend(ResolutionStageRunner.kt:29)
	at kotlin.coroutines.jvm.internal.BaseContinuationImpl.resumeWith(ContinuationImpl.kt:33)
	at org.jetbrains.kotlin.fir.resolve.calls.stages.ResolutionStageRunner.processCandidate(ResolutionStageRunner.kt:42)
	at org.jetbrains.kotlin.fir.resolve.calls.stages.ResolutionStageRunner.processCandidate$default(ResolutionStageRunner.kt:19)
	at org.jetbrains.kotlin.fir.resolve.calls.candidate.CandidateCollector.consumeCandidate(CandidateCollector.kt:40)
	at org.jetbrains.kotlin.fir.resolve.calls.tower.TowerLevelProcessor.consumeCandidate(TowerLevelHandler.kt:90)
	at org.jetbrains.kotlin.fir.resolve.calls.tower.TowerLevelProcessor.consumeCandidate$default(TowerLevelHandler.kt:82)
	at org.jetbrains.kotlin.fir.resolve.calls.tower.ScopeBasedTowerLevel.processObjectsByName$lambda$8(TowerLevels.kt:510)
	at org.jetbrains.kotlin.fir.resolve.calls.tower.ScopeBasedTowerLevel$$Lambda/0x0000000100755140.invoke(Unknown Source)
	at org.jetbrains.kotlin.fir.resolve.calls.tower.ScopeBasedTowerLevel$processObjectsByName$$inlined$processClassifiersByName$1.invoke(FirScope.kt:124)
	at org.jetbrains.kotlin.fir.resolve.calls.tower.ScopeBasedTowerLevel$processObjectsByName$$inlined$processClassifiersByName$1.invoke(FirScope.kt:124)
	at org.jetbrains.kotlin.fir.scopes.impl.FirAbstractSimpleImportingScope.processClassifiersByNameWithSubstitution$lambda$0(FirAbstractSimpleImportingScope.kt:31)
	at org.jetbrains.kotlin.fir.scopes.impl.FirAbstractSimpleImportingScope$$Lambda/0x00000001006a33a0.invoke(Unknown Source)
	at org.jetbrains.kotlin.fir.scopes.impl.FirAbstractImportingScope.processClassifiersFromImportsByName(FirAbstractImportingScope.kt:54)
	at org.jetbrains.kotlin.fir.scopes.impl.FirAbstractSimpleImportingScope.processClassifiersByNameWithSubstitution(FirAbstractSimpleImportingScope.kt:30)
	at org.jetbrains.kotlin.fir.resolve.calls.tower.ScopeBasedTowerLevel.processObjectsByName(TowerLevels.kt:538)
	at org.jetbrains.kotlin.fir.resolve.calls.tower.TowerLevelHandler.handleLevel(TowerLevelHandler.kt:57)
	at org.jetbrains.kotlin.fir.resolve.calls.tower.FirBaseTowerResolveTask.processLevel(FirTowerResolveTask.kt:204)
	at org.jetbrains.kotlin.fir.resolve.calls.tower.FirBaseTowerResolveTask.access$processLevel(FirTowerResolveTask.kt:62)
	at org.jetbrains.kotlin.fir.resolve.calls.tower.FirBaseTowerResolveTask$processLevel$3.invokeSuspend(FirTowerResolveTask.kt)
	at kotlin.coroutines.jvm.internal.BaseContinuationImpl.resumeWith(ContinuationImpl.kt:33)
	at org.jetbrains.kotlin.fir.resolve.calls.tower.TowerResolveManager.resumeTask(TowerResolveManager.kt:77)
	at org.jetbrains.kotlin.fir.resolve.calls.tower.TowerResolveManager.runTasks(TowerResolveManager.kt:83)


